Running Gradle task 'assembleDebug'...                          
flutter : lib/main.dart:1265:40: Error: The getter 'shade700' isn't defined 
for the type 'Color'.
At line:1 char:1
+ flutter build apk --debug 2>&1 > build_output.txt; Get-Content build_ ...
+ ~~~~~~~~~~~~~~~~~~~~~~~~~~~~~~~~~~~~~~~~~~~~~~~~~
    + CategoryInfo          : NotSpecified: (lib/main.dart:1...e type 'Color'. 
   :String) [], RemoteException
    + FullyQualifiedErrorId : NativeCommandError
 
 - 'Color' is from 'dart:ui'.
Try correcting the name to the name of an existing getter, or defining a 
getter or field named 'shade700'.
        return const Color(0xFFFB8C00).shade700;
                                       ^^^^^^^^
lib/main.dart:2606:13: Error: No named parameter with the name 
'suffixiconColor'.
            suffixiconColor: const Color(0xFF000000),
            ^^^^^^^^^^^^^^^
/c:/src/flutter/packages/flutter/lib/src/material/input_decorator.dart:4285:9: 
Context: Found this candidate, but the arguments don't match.
  const InputDecorationTheme({
        ^^^^^^^^^^^^^^^^^^^^
lib/main.dart:5286:102: Error: The operator '[]' isn't defined for the type 
'Color'.
 - 'Color' is from 'dart:ui'.
Try correcting the operator to an existing operator, or defining a '[]' 
operator.
                                                                            ? 
const Color(0xFFFB8C00)[
                                                                               
           ^
lib/main.dart:5288:102: Error: The operator '[]' isn't defined for the type 
'Color'.
 - 'Color' is from 'dart:ui'.
Try correcting the operator to an existing operator, or defining a '[]' 
operator.
                                                                            : 
const Color(0xFFFFF8E1)[
                                                                               
           ^
lib/main.dart:5814:56: Error: The getter 'shade300' isn't defined for the type 
'Color'.
 - 'Color' is from 'dart:ui'.
Try correcting the name to the name of an existing getter, or defining a 
getter or field named 'shade300'.
                        color: const Color(0xFFFFF8E1).shade300,
                                                       ^^^^^^^^
lib/main.dart:6446:60: Error: The getter 'shade50' isn't defined for the type 
'Color'.
 - 'Color' is from 'dart:ui'.
Try correcting the name to the name of an existing getter, or defining a 
getter or field named 'shade50'.
                            color: const Color(0xFFFB8C00).shade50,
                                                           ^^^^^^^
lib/main.dart:7864:94: Error: The getter 'shade700' isn't defined for the type 
'Color'.
 - 'Color' is from 'dart:ui'.
Try correcting the name to the name of an existing getter, or defining a 
getter or field named 'shade700'.
                                                    backgroundColor: const 
Color(0xFFFB8C00).shade700,
                                                                               
           ^^^^^^^^
lib/main.dart:8101:94: Error: The getter 'shade700' isn't defined for the type 
'Color'.
 - 'Color' is from 'dart:ui'.
Try correcting the name to the name of an existing getter, or defining a 
getter or field named 'shade700'.
                                                    backgroundColor: const 
Color(0xFFFB8C00).shade700,
                                                                               
           ^^^^^^^^
lib/main.dart:8593:66: Error: The getter 'shade50' isn't defined for the type 
'Color'.
 - 'Color' is from 'dart:ui'.
Try correcting the name to the name of an existing getter, or defining a 
getter or field named 'shade50'.
                                  color: const Color(0xFFFFF8E1).shade50,
                                                                 ^^^^^^^
lib/main.dart:15338:65: Error: The getter 'shade200' isn't defined for the 
type 'Color'.
 - 'Color' is from 'dart:ui'.
Try correcting the name to the name of an existing getter, or defining a 
getter or field named 'shade200'.
                                      ? const Color(0xFFFB8C00).shade200
                                                                ^^^^^^^^
lib/main.dart:15612:60: Error: The getter 'shade800' isn't defined for the 
type 'Color'.
 - 'Color' is from 'dart:ui'.
Try correcting the name to the name of an existing getter, or defining a 
getter or field named 'shade800'.
                        _sharing ? const Color(0xFFFB8C00).shade800 : const 
Color(0xFFFB8C00).shade700,
                                                           ^^^^^^^^
lib/main.dart:15612:95: Error: The getter 'shade700' isn't defined for the 
type 'Color'.
 - 'Color' is from 'dart:ui'.
Try correcting the name to the name of an existing getter, or defining a 
getter or field named 'shade700'.
                        _sharing ? const Color(0xFFFB8C00).shade800 : const 
Color(0xFFFB8C00).shade700,
                                                                               
           ^^^^^^^^
lib/main.dart:16906:37: Error: The getter 'shade700' isn't defined for the 
type 'Color'.
 - 'Color' is from 'dart:ui'.
Try correcting the name to the name of an existing getter, or defining a 
getter or field named 'shade700'.
            const Color(0xFFFB8C00).shade700,
                                    ^^^^^^^^
lib/main.dart:18094:43: Error: The getter 'shade700' isn't defined for the 
type 'Color'.
 - 'Color' is from 'dart:ui'.
Try correcting the name to the name of an existing getter, or defining a 
getter or field named 'shade700'.
                  const Color(0xFFFB8C00).shade700,
                                          ^^^^^^^^
Target kernel_snapshot_program failed: Exception


FAILURE: Build failed with an exception.

* What went wrong:
Execution failed for task ':app:compileFlutterBuildDebug'.
> Process 'command 'C:\src\flutter\bin\flutter.bat'' finished with non-zero 
exit value 1

* Try:
> Run with --stacktrace option to get the stack trace.
> Run with --info or --debug option to get more log output.
> Run with --scan to get full insights.
> Get more help at https://help.gradle.org.

BUILD FAILED in 8s
Running Gradle task 'assembleDebug'...                              9.2s
Gradle task assembleDebug failed with exit code 1
