Analyzing liquid_logistics...                                   

   info - Don't use 'BuildContext's across async gaps - lib\dashboard.dart:187:42 - use_build_context_synchronously
warning - Unused import: 'package:shared_preferences/shared_preferences.dart' - lib\erp_features.dart:11:8 - unused_import
   info - 'withOpacity' is deprecated and shouldn't be used. Use .withValues() to avoid precision loss - lib\erp_features.dart:2636:50 - deprecated_member_use
   info - 'withOpacity' is deprecated and shouldn't be used. Use .withValues() to avoid precision loss - lib\erp_features.dart:2638:52 - deprecated_member_use
   info - 'withOpacity' is deprecated and shouldn't be used. Use .withValues() to avoid precision loss - lib\erp_features.dart:2639:55 - deprecated_member_use
   info - 'withOpacity' is deprecated and shouldn't be used. Use .withValues() to avoid precision loss - lib\erp_features.dart:2764:45 - deprecated_member_use
   info - 'groupValue' is deprecated and shouldn't be used. Use a RadioGroup ancestor to manage group value instead. This feature was deprecated after v3.32.0-0.0.pre - lib\erp_features.dart:2968:23 - deprecated_member_use
   info - 'onChanged' is deprecated and shouldn't be used. Use RadioGroup to handle value change instead. This feature was deprecated after v3.32.0-0.0.pre - lib\erp_features.dart:2970:23 - deprecated_member_use
   info - 'withOpacity' is deprecated and shouldn't be used. Use .withValues() to avoid precision loss - lib\erp_features.dart:3559:53 - deprecated_member_use
   info - 'withOpacity' is deprecated and shouldn't be used. Use .withValues() to avoid precision loss - lib\erp_features.dart:3577:63 - deprecated_member_use
   info - 'withOpacity' is deprecated and shouldn't be used. Use .withValues() to avoid precision loss - lib\erp_features.dart:3582:52 - deprecated_member_use
   info - 'withOpacity' is deprecated and shouldn't be used. Use .withValues() to avoid precision loss - lib\erp_features.dart:3659:62 - deprecated_member_use
   info - 'withOpacity' is deprecated and shouldn't be used. Use .withValues() to avoid precision loss - lib\erp_features.dart:3827:45 - deprecated_member_use
   info - 'withOpacity' is deprecated and shouldn't be used. Use .withValues() to avoid precision loss - lib\erp_features.dart:3901:41 - deprecated_member_use
   info - 'withOpacity' is deprecated and shouldn't be used. Use .withValues() to avoid precision loss - lib\erp_features.dart:3928:43 - deprecated_member_use
   info - 'withOpacity' is deprecated and shouldn't be used. Use .withValues() to avoid precision loss - lib\erp_features.dart:3933:30 - deprecated_member_use
   info - 'withOpacity' is deprecated and shouldn't be used. Use .withValues() to avoid precision loss - lib\erp_features.dart:4243:51 - deprecated_member_use
   info - 'withOpacity' is deprecated and shouldn't be used. Use .withValues() to avoid precision loss - lib\erp_features.dart:4344:51 - deprecated_member_use
   info - 'withOpacity' is deprecated and shouldn't be used. Use .withValues() to avoid precision loss - lib\erp_features.dart:4371:61 - deprecated_member_use
   info - 'withOpacity' is deprecated and shouldn't be used. Use .withValues() to avoid precision loss - lib\erp_features.dart:4375:50 - deprecated_member_use
   info - 'withOpacity' is deprecated and shouldn't be used. Use .withValues() to avoid precision loss - lib\erp_features.dart:4521:39 - deprecated_member_use
   info - 'withOpacity' is deprecated and shouldn't be used. Use .withValues() to avoid precision loss - lib\erp_features.dart:4523:58 - deprecated_member_use
   info - 'withOpacity' is deprecated and shouldn't be used. Use .withValues() to avoid precision loss - lib\erp_features.dart:4532:34 - deprecated_member_use
   info - 'withOpacity' is deprecated and shouldn't be used. Use .withValues() to avoid precision loss - lib\erp_features.dart:4578:63 - deprecated_member_use
   info - 'withOpacity' is deprecated and shouldn't be used. Use .withValues() to avoid precision loss - lib\erp_features.dart:4612:64 - deprecated_member_use
   info - 'withOpacity' is deprecated and shouldn't be used. Use .withValues() to avoid precision loss - lib\erp_features.dart:4628:47 - deprecated_member_use
   info - 'withOpacity' is deprecated and shouldn't be used. Use .withValues() to avoid precision loss - lib\erp_features.dart:4644:47 - deprecated_member_use
   info - 'withOpacity' is deprecated and shouldn't be used. Use .withValues() to avoid precision loss - lib\erp_features.dart:4757:30 - deprecated_member_use
   info - 'withOpacity' is deprecated and shouldn't be used. Use .withValues() to avoid precision loss - lib\erp_features.dart:4766:30 - deprecated_member_use
   info - 'withOpacity' is deprecated and shouldn't be used. Use .withValues() to avoid precision loss - lib\erp_features.dart:4931:44 - deprecated_member_use
   info - 'withOpacity' is deprecated and shouldn't be used. Use .withValues() to avoid precision loss - lib\erp_features.dart:4969:57 - deprecated_member_use
   info - 'withOpacity' is deprecated and shouldn't be used. Use .withValues() to avoid precision loss - lib\erp_features.dart:5040:38 - deprecated_member_use
   info - Don't use 'BuildContext's across async gaps - lib\fleet.dart:178:13 - use_build_context_synchronously
   info - Don't use 'BuildContext's across async gaps - lib\fleet.dart:287:33 - use_build_context_synchronously
  error - Undefined name 'kVisionApiKey' - lib\fleet.dart:381:66 - undefined_identifier
   info - Don't use 'BuildContext's across async gaps - lib\fleet.dart:476:33 - use_build_context_synchronously
   info - Don't use 'BuildContext's across async gaps - lib\khata.dart:455:33 - use_build_context_synchronously
  error - The name 'canExportPDF' is already defined - lib\main.dart:722:12 - duplicate_definition
   info - Use a function declaration rather than a variable assignment to bind a function to a name - lib\main.dart:923:11 - prefer_function_declarations_over_variables
   info - 'withOpacity' is deprecated and shouldn't be used. Use .withValues() to avoid precision loss - lib\main.dart:1311:184 - deprecated_member_use
   info - 'withOpacity' is deprecated and shouldn't be used. Use .withValues() to avoid precision loss - lib\main.dart:1312:192 - deprecated_member_use
   info - 'withOpacity' is deprecated and shouldn't be used. Use .withValues() to avoid precision loss - lib\main.dart:1313:182 - deprecated_member_use
   info - 'withOpacity' is deprecated and shouldn't be used. Use .withValues() to avoid precision loss - lib\main.dart:1315:360 - deprecated_member_use
   info - 'withOpacity' is deprecated and shouldn't be used. Use .withValues() to avoid precision loss - lib\main.dart:1319:136 - deprecated_member_use
   info - 'withOpacity' is deprecated and shouldn't be used. Use .withValues() to avoid precision loss - lib\main.dart:1319:240 - deprecated_member_use
   info - Don't use 'BuildContext's across async gaps - lib\main.dart:1342:229 - use_build_context_synchronously
   info - Don't use 'BuildContext's across async gaps - lib\main.dart:1342:265 - use_build_context_synchronously
   info - 'withOpacity' is deprecated and shouldn't be used. Use .withValues() to avoid precision loss - lib\main.dart:1348:189 - deprecated_member_use
   info - 'withOpacity' is deprecated and shouldn't be used. Use .withValues() to avoid precision loss - lib\main.dart:1349:193 - deprecated_member_use
   info - 'withOpacity' is deprecated and shouldn't be used. Use .withValues() to avoid precision loss - lib\main.dart:1354:182 - deprecated_member_use
   info - The private field _pOriginPlaceId could be 'final' - lib\main.dart:1401:84 - prefer_final_fields
warning - The value of the field '_pOriginPlaceId' isn't used - lib\main.dart:1401:84 - unused_field
   info - The private field _pDestPlaceId could be 'final' - lib\main.dart:1401:106 - prefer_final_fields
warning - The value of the field '_pDestPlaceId' isn't used - lib\main.dart:1401:106 - unused_field
   info - Statements in an if should be enclosed in a block - lib\main.dart:1514:110 - curly_braces_in_flow_control_structures
   info - Statements in an if should be enclosed in a block - lib\main.dart:1515:10 - curly_braces_in_flow_control_structures
   info - Don't use 'BuildContext's across async gaps - lib\main.dart:1563:29 - use_build_context_synchronously
   info - Don't use 'BuildContext's across async gaps - lib\main.dart:1564:36 - use_build_context_synchronously
   info - 'withOpacity' is deprecated and shouldn't be used. Use .withValues() to avoid precision loss - lib\main.dart:1593:98 - deprecated_member_use
   info - 'withOpacity' is deprecated and shouldn't be used. Use .withValues() to avoid precision loss - lib\main.dart:1622:94 - deprecated_member_use
   info - 'withOpacity' is deprecated and shouldn't be used. Use .withValues() to avoid precision loss - lib\main.dart:1622:135 - deprecated_member_use
   info - 'withOpacity' is deprecated and shouldn't be used. Use .withValues() to avoid precision loss - lib\main.dart:1622:246 - deprecated_member_use
   info - 'withOpacity' is deprecated and shouldn't be used. Use .withValues() to avoid precision loss - lib\main.dart:1635:334 - deprecated_member_use
   info - 'withOpacity' is deprecated and shouldn't be used. Use .withValues() to avoid precision loss - lib\main.dart:1639:137 - deprecated_member_use
   info - Use interpolation to compose strings and values - lib\main.dart:1646:75 - prefer_interpolation_to_compose_strings
   info - Use interpolation to compose strings and values - lib\main.dart:1646:235 - prefer_interpolation_to_compose_strings
   info - 'withOpacity' is deprecated and shouldn't be used. Use .withValues() to avoid precision loss - lib\main.dart:1674:258 - deprecated_member_use
   info - 'withOpacity' is deprecated and shouldn't be used. Use .withValues() to avoid precision loss - lib\main.dart:1726:40 - deprecated_member_use
   info - 'withOpacity' is deprecated and shouldn't be used. Use .withValues() to avoid precision loss - lib\main.dart:1726:127 - deprecated_member_use
   info - 'withOpacity' is deprecated and shouldn't be used. Use .withValues() to avoid precision loss - lib\main.dart:1729:248 - deprecated_member_use
   info - 'withOpacity' is deprecated and shouldn't be used. Use .withValues() to avoid precision loss - lib\main.dart:1730:278 - deprecated_member_use
   info - 'withOpacity' is deprecated and shouldn't be used. Use .withValues() to avoid precision loss - lib\main.dart:1730:342 - deprecated_member_use
   info - 'withOpacity' is deprecated and shouldn't be used. Use .withValues() to avoid precision loss - lib\main.dart:1730:509 - deprecated_member_use
   info - 'value' is deprecated and shouldn't be used. Use initialValue instead. This will set the initial value for the form field. This feature was deprecated after v3.33.0-1.0.pre - lib\main.dart:1781:77 - deprecated_member_use
   info - 'value' is deprecated and shouldn't be used. Use initialValue instead. This will set the initial value for the form field. This feature was deprecated after v3.33.0-1.0.pre - lib\main.dart:1783:77 - deprecated_member_use
   info - 'withOpacity' is deprecated and shouldn't be used. Use .withValues() to avoid precision loss - lib\main.dart:1789:201 - deprecated_member_use
   info - 'withOpacity' is deprecated and shouldn't be used. Use .withValues() to avoid precision loss - lib\main.dart:1795:142 - deprecated_member_use
   info - 'withOpacity' is deprecated and shouldn't be used. Use .withValues() to avoid precision loss - lib\main.dart:1795:239 - deprecated_member_use
   info - 'withOpacity' is deprecated and shouldn't be used. Use .withValues() to avoid precision loss - lib\main.dart:1797:140 - deprecated_member_use
   info - 'withOpacity' is deprecated and shouldn't be used. Use .withValues() to avoid precision loss - lib\main.dart:1797:235 - deprecated_member_use
   info - 'withOpacity' is deprecated and shouldn't be used. Use .withValues() to avoid precision loss - lib\main.dart:1847:147 - deprecated_member_use
   info - 'value' is deprecated and shouldn't be used. Use initialValue instead. This will set the initial value for the form field. This feature was deprecated after v3.33.0-1.0.pre - lib\main.dart:1878:77 - deprecated_member_use
   info - Statements in an if should be enclosed in a block - lib\main.dart:1909:61 - curly_braces_in_flow_control_structures
   info - Statements in an if should be enclosed in a block - lib\main.dart:1910:68 - curly_braces_in_flow_control_structures
   info - Statements in an if should be enclosed in a block - lib\main.dart:1911:42 - curly_braces_in_flow_control_structures
   info - Statements in an if should be enclosed in a block - lib\main.dart:1912:41 - curly_braces_in_flow_control_structures
   info - Statements in an if should be enclosed in a block - lib\main.dart:1913:41 - curly_braces_in_flow_control_structures
   info - Statements in an if should be enclosed in a block - lib\main.dart:1929:37 - curly_braces_in_flow_control_structures
   info - Statements in an if should be enclosed in a block - lib\main.dart:1930:47 - curly_braces_in_flow_control_structures
   info - 'value' is deprecated and shouldn't be used. Use initialValue instead. This will set the initial value for the form field. This feature was deprecated after v3.33.0-1.0.pre - lib\main.dart:1946:126 - deprecated_member_use
   info - 'value' is deprecated and shouldn't be used. Use initialValue instead. This will set the initial value for the form field. This feature was deprecated after v3.33.0-1.0.pre - lib\main.dart:1947:128 - deprecated_member_use
   info - 'withOpacity' is deprecated and shouldn't be used. Use .withValues() to avoid precision loss - lib\main.dart:1959:130 - deprecated_member_use
   info - The local variable '_autoCalcDiesel' starts with an underscore - lib\main.dart:2009:10 - no_leading_underscores_for_local_identifiers
warning - The value of the local variable 'wtCtrl2' isn't used - lib\main.dart:2025:11 - unused_local_variable
   info - 'value' is deprecated and shouldn't be used. Use initialValue instead. This will set the initial value for the form field. This feature was deprecated after v3.33.0-1.0.pre - lib\main.dart:2074:65 - deprecated_member_use
   info - 'value' is deprecated and shouldn't be used. Use initialValue instead. This will set the initial value for the form field. This feature was deprecated after v3.33.0-1.0.pre - lib\main.dart:2100:59 - deprecated_member_use
   info - 'value' is deprecated and shouldn't be used. Use initialValue instead. This will set the initial value for the form field. This feature was deprecated after v3.33.0-1.0.pre - lib\main.dart:2115:62 - deprecated_member_use
   info - 'value' is deprecated and shouldn't be used. Use initialValue instead. This will set the initial value for the form field. This feature was deprecated after v3.33.0-1.0.pre - lib\main.dart:2117:61 - deprecated_member_use
   info - 'activeColor' is deprecated and shouldn't be used. Use activeThumbColor instead. This feature was deprecated after v3.31.0-2.0.pre - lib\main.dart:2119:195 - deprecated_member_use
warning - The value of the local variable 'amt' isn't used - lib\main.dart:2132:23 - unused_local_variable
   info - Don't use 'BuildContext's across async gaps - lib\main.dart:2182:38 - use_build_context_synchronously
   info - Don't use 'BuildContext's across async gaps - lib\main.dart:2185:38 - use_build_context_synchronously
   info - Unnecessary braces in a string interpolation - lib\main.dart:2185:235 - unnecessary_brace_in_string_interps
   info - 'withOpacity' is deprecated and shouldn't be used. Use .withValues() to avoid precision loss - lib\main.dart:2261:208 - deprecated_member_use
warning - The value of the local variable 'isOCRing' isn't used - lib\main.dart:2328:10 - unused_local_variable
warning - The receiver can't be null, so the null-aware operator '?.' is unnecessary - lib\main.dart:2338:34 - invalid_null_aware_operator
warning - The '!' will have no effect because the receiver can't be null - lib\main.dart:2350:71 - unnecessary_non_null_assertion
warning - The value of the local variable 'isPUCC' isn't used - lib\main.dart:2369:11 - unused_local_variable
warning - The '!' will have no effect because the receiver can't be null - lib\main.dart:2431:66 - unnecessary_non_null_assertion
warning - The '!' will have no effect because the receiver can't be null - lib\main.dart:2432:64 - unnecessary_non_null_assertion
   info - 'Share' is deprecated and shouldn't be used. Use SharePlus instead - lib\main.dart:2474:142 - deprecated_member_use
   info - 'shareXFiles' is deprecated and shouldn't be used. Use SharePlus.instance.share() instead - lib\main.dart:2474:148 - deprecated_member_use
   info - 'Share' is deprecated and shouldn't be used. Use SharePlus instead - lib\main.dart:2519:49 - deprecated_member_use
   info - 'shareXFiles' is deprecated and shouldn't be used. Use SharePlus.instance.share() instead - lib\main.dart:2519:55 - deprecated_member_use
   info - 'value' is deprecated and shouldn't be used. Use initialValue instead. This will set the initial value for the form field. This feature was deprecated after v3.33.0-1.0.pre - lib\main.dart:2644:13 - deprecated_member_use
   info - Statements in a for should be enclosed in a block - lib\main.dart:2687:925 - curly_braces_in_flow_control_structures
   info - 'withOpacity' is deprecated and shouldn't be used. Use .withValues() to avoid precision loss - lib\main.dart:2696:210 - deprecated_member_use
warning - The receiver can't be null, so the null-aware operator '?.' is unnecessary - lib\main.dart:2747:34 - invalid_null_aware_operator
warning - The '!' will have no effect because the receiver can't be null - lib\main.dart:2757:69 - unnecessary_non_null_assertion
warning - The '!' will have no effect because the receiver can't be null - lib\main.dart:2781:46 - unnecessary_non_null_assertion
warning - The '!' will have no effect because the receiver can't be null - lib\main.dart:2814:66 - unnecessary_non_null_assertion
warning - The '!' will have no effect because the receiver can't be null - lib\main.dart:2815:66 - unnecessary_non_null_assertion
   info - Don't use 'BuildContext's across async gaps - lib\main.dart:2844:30 - use_build_context_synchronously
   info - Don't use 'BuildContext's across async gaps - lib\main.dart:2847:28 - use_build_context_synchronously
   info - 'withOpacity' is deprecated and shouldn't be used. Use .withValues() to avoid precision loss - lib\main.dart:2885:245 - deprecated_member_use
  error - Expected to find ')' - lib\main.dart:2917:6 - expected_token
   info - The private field _show could be 'final' - lib\main.dart:2939:8 - prefer_final_fields
warning - The value of the field '_show' isn't used - lib\main.dart:2939:8 - unused_field
   info - 'withOpacity' is deprecated and shouldn't be used. Use .withValues() to avoid precision loss - lib\main.dart:3052:122 - deprecated_member_use
   info - 'withOpacity' is deprecated and shouldn't be used. Use .withValues() to avoid precision loss - lib\main.dart:3181:71 - deprecated_member_use
   info - 'value' is deprecated and shouldn't be used. Use initialValue instead. This will set the initial value for the form field. This feature was deprecated after v3.33.0-1.0.pre - lib\main.dart:3420:41 - deprecated_member_use
   info - 'withOpacity' is deprecated and shouldn't be used. Use .withValues() to avoid precision loss - lib\main.dart:3482:124 - deprecated_member_use
   info - 'withOpacity' is deprecated and shouldn't be used. Use .withValues() to avoid precision loss - lib\main.dart:3494:159 - deprecated_member_use
   info - 'withOpacity' is deprecated and shouldn't be used. Use .withValues() to avoid precision loss - lib\main.dart:3501:208 - deprecated_member_use
   info - Statements in a for should be enclosed in a block - lib\main.dart:3547:37 - curly_braces_in_flow_control_structures
   info - 'groupValue' is deprecated and shouldn't be used. Use a RadioGroup ancestor to manage group value instead. This feature was deprecated after v3.32.0-0.0.pre - lib\main.dart:3565:385 - deprecated_member_use
   info - 'onChanged' is deprecated and shouldn't be used. Use RadioGroup to handle value change instead. This feature was deprecated after v3.32.0-0.0.pre - lib\main.dart:3565:441 - deprecated_member_use
   info - 'Share' is deprecated and shouldn't be used. Use SharePlus instead - lib\main.dart:3587:23 - deprecated_member_use
   info - 'shareXFiles' is deprecated and shouldn't be used. Use SharePlus.instance.share() instead - lib\main.dart:3587:29 - deprecated_member_use
   info - Statements in a for should be enclosed in a block - lib\main.dart:3695:103 - curly_braces_in_flow_control_structures
   info - 'withOpacity' is deprecated and shouldn't be used. Use .withValues() to avoid precision loss - lib\main.dart:3723:347 - deprecated_member_use
   info - 'withOpacity' is deprecated and shouldn't be used. Use .withValues() to avoid precision loss - lib\main.dart:3724:312 - deprecated_member_use
   info - 'withOpacity' is deprecated and shouldn't be used. Use .withValues() to avoid precision loss - lib\main.dart:3731:310 - deprecated_member_use
   info - Statements in a for should be enclosed in a block - lib\main.dart:3736:228 - curly_braces_in_flow_control_structures
   info - Statements in a for should be enclosed in a block - lib\main.dart:3738:222 - curly_braces_in_flow_control_structures
   info - 'withOpacity' is deprecated and shouldn't be used. Use .withValues() to avoid precision loss - lib\main.dart:3770:324 - deprecated_member_use
   info - 'withOpacity' is deprecated and shouldn't be used. Use .withValues() to avoid precision loss - lib\main.dart:3776:234 - deprecated_member_use
   info - 'withOpacity' is deprecated and shouldn't be used. Use .withValues() to avoid precision loss - lib\main.dart:3777:372 - deprecated_member_use
   info - 'withOpacity' is deprecated and shouldn't be used. Use .withValues() to avoid precision loss - lib\main.dart:3777:494 - deprecated_member_use
   info - 'withOpacity' is deprecated and shouldn't be used. Use .withValues() to avoid precision loss - lib\main.dart:3828:361 - deprecated_member_use
   info - 'withOpacity' is deprecated and shouldn't be used. Use .withValues() to avoid precision loss - lib\main.dart:3830:379 - deprecated_member_use
   info - 'withOpacity' is deprecated and shouldn't be used. Use .withValues() to avoid precision loss - lib\main.dart:3830:928 - deprecated_member_use
   info - 'withOpacity' is deprecated and shouldn't be used. Use .withValues() to avoid precision loss - lib\main.dart:3830:1030 - deprecated_member_use
   info - 'withOpacity' is deprecated and shouldn't be used. Use .withValues() to avoid precision loss - lib\main.dart:3845:169 - deprecated_member_use
   info - 'withOpacity' is deprecated and shouldn't be used. Use .withValues() to avoid precision loss - lib\main.dart:3846:91 - deprecated_member_use
   info - 'withOpacity' is deprecated and shouldn't be used. Use .withValues() to avoid precision loss - lib\main.dart:3846:841 - deprecated_member_use
   info - 'withOpacity' is deprecated and shouldn't be used. Use .withValues() to avoid precision loss - lib\main.dart:3849:112 - deprecated_member_use
   info - The private field _loadingEmergency could be 'final' - lib\main.dart:3886:8 - prefer_final_fields
warning - The value of the field '_loadingEmergency' isn't used - lib\main.dart:3886:8 - unused_field
   info - 'withOpacity' is deprecated and shouldn't be used. Use .withValues() to avoid precision loss - lib\main.dart:3935:135 - deprecated_member_use
   info - 'withOpacity' is deprecated and shouldn't be used. Use .withValues() to avoid precision loss - lib\main.dart:3937:126 - deprecated_member_use
   info - 'withOpacity' is deprecated and shouldn't be used. Use .withValues() to avoid precision loss - lib\main.dart:3955:173 - deprecated_member_use
   info - 'withOpacity' is deprecated and shouldn't be used. Use .withValues() to avoid precision loss - lib\main.dart:3955:271 - deprecated_member_use
   info - 'withOpacity' is deprecated and shouldn't be used. Use .withValues() to avoid precision loss - lib\main.dart:3955:474 - deprecated_member_use
   info - 'withOpacity' is deprecated and shouldn't be used. Use .withValues() to avoid precision loss - lib\main.dart:3965:299 - deprecated_member_use
   info - 'withOpacity' is deprecated and shouldn't be used. Use .withValues() to avoid precision loss - lib\main.dart:3968:308 - deprecated_member_use
   info - 'withOpacity' is deprecated and shouldn't be used. Use .withValues() to avoid precision loss - lib\main.dart:3969:167 - deprecated_member_use
   info - 'withOpacity' is deprecated and shouldn't be used. Use .withValues() to avoid precision loss - lib\main.dart:3970:142 - deprecated_member_use
   info - 'withOpacity' is deprecated and shouldn't be used. Use .withValues() to avoid precision loss - lib\main.dart:4029:43 - deprecated_member_use
   info - Statements in a for should be enclosed in a block - lib\main.dart:4030:41 - curly_braces_in_flow_control_structures
   info - Statements in a for should be enclosed in a block - lib\main.dart:4031:42 - curly_braces_in_flow_control_structures
   info - 'withOpacity' is deprecated and shouldn't be used. Use .withValues() to avoid precision loss - lib\main.dart:4032:44 - deprecated_member_use
   info - 'value' is deprecated and shouldn't be used. Use initialValue instead. This will set the initial value for the form field. This feature was deprecated after v3.33.0-1.0.pre - lib\main.dart:4059:47 - deprecated_member_use
   info - 'withOpacity' is deprecated and shouldn't be used. Use .withValues() to avoid precision loss - lib\main.dart:4082:200 - deprecated_member_use
   info - 'withOpacity' is deprecated and shouldn't be used. Use .withValues() to avoid precision loss - lib\main.dart:4087:201 - deprecated_member_use
   info - 'withOpacity' is deprecated and shouldn't be used. Use .withValues() to avoid precision loss - lib\main.dart:4106:53 - deprecated_member_use
   info - 'withOpacity' is deprecated and shouldn't be used. Use .withValues() to avoid precision loss - lib\main.dart:4107:57 - deprecated_member_use
   info - 'withOpacity' is deprecated and shouldn't be used. Use .withValues() to avoid precision loss - lib\main.dart:4108:53 - deprecated_member_use
   info - 'withOpacity' is deprecated and shouldn't be used. Use .withValues() to avoid precision loss - lib\main.dart:4126:57 - deprecated_member_use
   info - 'withOpacity' is deprecated and shouldn't be used. Use .withValues() to avoid precision loss - lib\main.dart:4127:56 - deprecated_member_use
   info - 'withOpacity' is deprecated and shouldn't be used. Use .withValues() to avoid precision loss - lib\main.dart:4128:53 - deprecated_member_use
   info - 'withOpacity' is deprecated and shouldn't be used. Use .withValues() to avoid precision loss - lib\main.dart:4138:68 - deprecated_member_use
   info - 'withOpacity' is deprecated and shouldn't be used. Use .withValues() to avoid precision loss - lib\main.dart:4150:58 - deprecated_member_use
   info - 'withOpacity' is deprecated and shouldn't be used. Use .withValues() to avoid precision loss - lib\main.dart:4161:48 - deprecated_member_use
   info - 'withOpacity' is deprecated and shouldn't be used. Use .withValues() to avoid precision loss - lib\main.dart:4168:48 - deprecated_member_use
   info - 'withOpacity' is deprecated and shouldn't be used. Use .withValues() to avoid precision loss - lib\main.dart:4174:172 - deprecated_member_use
   info - 'withOpacity' is deprecated and shouldn't be used. Use .withValues() to avoid precision loss - lib\main.dart:4184:53 - deprecated_member_use
   info - 'withOpacity' is deprecated and shouldn't be used. Use .withValues() to avoid precision loss - lib\main.dart:4190:53 - deprecated_member_use
   info - 'withOpacity' is deprecated and shouldn't be used. Use .withValues() to avoid precision loss - lib\main.dart:4199:54 - deprecated_member_use
   info - 'withOpacity' is deprecated and shouldn't be used. Use .withValues() to avoid precision loss - lib\main.dart:4207:48 - deprecated_member_use
   info - 'withOpacity' is deprecated and shouldn't be used. Use .withValues() to avoid precision loss - lib\main.dart:4219:53 - deprecated_member_use
   info - Statements in a for should be enclosed in a block - lib\main.dart:4220:40 - curly_braces_in_flow_control_structures
   info - Statements in a for should be enclosed in a block - lib\main.dart:4221:40 - curly_braces_in_flow_control_structures
   info - 'withOpacity' is deprecated and shouldn't be used. Use .withValues() to avoid precision loss - lib\main.dart:4224:55 - deprecated_member_use
   info - 'withOpacity' is deprecated and shouldn't be used. Use .withValues() to avoid precision loss - lib\main.dart:4240:89 - deprecated_member_use
warning - The value of the local variable 'activeGeofence' isn't used - mitra_app\lib\main.dart:322:11 - unused_local_variable
  error - The name 'MyApp' isn't a class - mitra_app\test\widget_test.dart:16:35 - creation_with_non_type
  error - The name 'MyApp' isn't a class - test\widget_test.dart:16:35 - creation_with_non_type

flutter : 198 issues found. (ran in 7.7s)
At line:1 char:1
+ flutter analyze > errors.txt 2>&1
+ ~~~~~~~~~~~~~~~~~~~~~~~~~~~~~~~~~
    + CategoryInfo          : NotSpecified: (198 issues found. (ran in 7.7s):String) [], RemoteException
    + FullyQualifiedErrorId : NativeCommandError
 
